jtan: addr and refsize
else
else
else
else
else
else
